   1               		.file	"usart.c"
   2               	__SP_H__ = 0x3e
   3               	__SP_L__ = 0x3d
   4               	__SREG__ = 0x3f
   5               	__tmp_reg__ = 0
   6               	__zero_reg__ = 1
   7               		.text
   8               	.Ltext0:
   9               		.cfi_sections	.debug_frame
  10               	.global	USART_init
  12               	USART_init:
  13               	.LFB0:
  14               		.file 1 "../lib/usart.c"
   1:../lib/usart.c **** #include <avr/io.h>
   2:../lib/usart.c **** #include "usart.h"
   3:../lib/usart.c **** 
   4:../lib/usart.c **** void USART_init(int fosc,int baud)
   5:../lib/usart.c **** {
  15               		.loc 1 5 0
  16               		.cfi_startproc
  17               	.LVL0:
  18               	/* prologue: function */
  19               	/* frame size = 0 */
  20               	/* stack size = 0 */
  21               	.L__stack_usage = 0
   6:../lib/usart.c **** 	
   7:../lib/usart.c **** 	unsigned int ubrr;	
   8:../lib/usart.c **** 
   9:../lib/usart.c **** 	/*Set baud rate */
  10:../lib/usart.c **** 	ubrr=fosc/16/baud-1;
  22               		.loc 1 10 0
  23 0000 97FD      		sbrc r25,7
  24 0002 0F96      		adiw r24,15
  25               	.LVL1:
  26               	.L2:
  27 0004 24E0      		ldi r18,4
  28               		1:
  29 0006 9595      		asr r25
  30 0008 8795      		ror r24
  31 000a 2A95      		dec r18
  32 000c 01F4      		brne 1b
  33 000e 0E94 0000 		call __divmodhi4
  34               	.LVL2:
  35 0012 6150      		subi r22,1
  36 0014 7109      		sbc r23,__zero_reg__
  37               	.LVL3:
  11:../lib/usart.c **** 	UBRRH = (unsigned char)(ubrr>>8);
  38               		.loc 1 11 0
  39 0016 70BD      		out 0x20,r23
  12:../lib/usart.c **** 	UBRRL = (unsigned char)(ubrr);
  40               		.loc 1 12 0
  41 0018 69B9      		out 0x9,r22
  13:../lib/usart.c **** 	
  14:../lib/usart.c **** /*Enable receiver and transmitter */
  15:../lib/usart.c **** 	UCSRB = (1<<RXEN)|(1<<TXEN);
  42               		.loc 1 15 0
  43 001a 88E1      		ldi r24,lo8(24)
  44 001c 8AB9      		out 0xa,r24
  16:../lib/usart.c **** 
  17:../lib/usart.c **** 	/* Set frame format: 8data, 1stop bit */
  18:../lib/usart.c **** 	UCSRC = (1<<URSEL)|(3<<UCSZ0);
  45               		.loc 1 18 0
  46 001e 86E8      		ldi r24,lo8(-122)
  47 0020 80BD      		out 0x20,r24
  48 0022 0895      		ret
  49               		.cfi_endproc
  50               	.LFE0:
  52               	.Letext0:
  53               		.file 2 "/usr/lib/avr/include/stdint.h"
DEFINED SYMBOLS
                            *ABS*:0000000000000000 usart.c
     /tmp/ccV5UmQ2.s:2      *ABS*:000000000000003e __SP_H__
     /tmp/ccV5UmQ2.s:3      *ABS*:000000000000003d __SP_L__
     /tmp/ccV5UmQ2.s:4      *ABS*:000000000000003f __SREG__
     /tmp/ccV5UmQ2.s:5      *ABS*:0000000000000000 __tmp_reg__
     /tmp/ccV5UmQ2.s:6      *ABS*:0000000000000001 __zero_reg__
     /tmp/ccV5UmQ2.s:12     .text:0000000000000000 USART_init

UNDEFINED SYMBOLS
__divmodhi4
